A51 MACRO ASSEMBLER  BASICIO                                                              05/13/2020 11:25:41 PAGE     1


MACRO ASSEMBLER A51 V8.02
OBJECT MODULE PLACED IN basicIO.OBJ
ASSEMBLER INVOKED BY: D:\keil_v4\C51\BIN\A51.EXE basicIO.asm SET(SMALL) DEBUG EP

LOC  OBJ            LINE     SOURCE

                       1     
                       2     
                       3     
0000                   4     ORG 0000H
0000 0130              5     AJMP MAIN         
0030                   6     ORG 0030H
                       7     
0030                   8     MAIN:                    
0030 758160            9             MOV SP,#60H       
                      10             
0033                  11     LOOP:
0033 7590FF           12             MOV P1,#0FFH   
0036 E590             13             MOV A,P1           
0038 F5A0             14             MOV P2,A           
003A 80F7             15             SJMP LOOP
                      16     END
A51 MACRO ASSEMBLER  BASICIO                                                              05/13/2020 11:25:41 PAGE     2

SYMBOL TABLE LISTING
------ ----- -------


N A M E             T Y P E  V A L U E   ATTRIBUTES

LOOP . . . . . . .  C ADDR   0033H   A   
MAIN . . . . . . .  C ADDR   0030H   A   
P1 . . . . . . . .  D ADDR   0090H   A   
P2 . . . . . . . .  D ADDR   00A0H   A   
SP . . . . . . . .  D ADDR   0081H   A   


REGISTER BANK(S) USED: 0 


ASSEMBLY COMPLETE.  0 WARNING(S), 0 ERROR(S)
