A51 MACRO ASSEMBLER  EXPANDIO                                                             06/10/2020 20:07:54 PAGE     1


MACRO ASSEMBLER A51 V8.02
OBJECT MODULE PLACED IN expandIO.OBJ
ASSEMBLER INVOKED BY: D:\keil_v4\C51\BIN\A51.EXE expandIO.asm SET(SMALL) DEBUG EP

LOC  OBJ            LINE     SOURCE

                       1     
0000                   2     ORG 0000H
0000 0130              3     AJMP MAIN         
0030                   4     ORG 0030H
                       5     
0030                   6     MAIN:             
0030 758160            7             MOV SP,#60H               
0033 90FE00            8             MOV DPTR,#0FE00H   
0036                   9     LOOP:
0036 E0               10             MOVX A,@DPTR       
0037 F0               11             MOVX @DPTR,A       
0038 C2A1             12             CLR P2^1
003A 120044           13             LCALL DELAY1S
003D D2A1             14             SETB P2^1
003F 120044           15             LCALL DELAY1S
0042 80F2             16             SJMP LOOP                  
0044                  17     DELAY1S:                                 
0044 7F0A             18             DL1_0:MOV R7,#10
0046 7EC8             19             DL1_1:MOV R6,#200
0048 7DF8             20             DL1_2:MOV R5,#248
004A DDFE             21             DL1_3:DJNZ R5,DL1_3       
004C 00               22                     NOP
004D DEF9             23                     DJNZ R6,DL1_2     
004F DFF5             24                     DJNZ R7,DL1_1     
0051 22               25             RET
                      26     END
A51 MACRO ASSEMBLER  EXPANDIO                                                             06/10/2020 20:07:54 PAGE     2

SYMBOL TABLE LISTING
------ ----- -------


N A M E             T Y P E  V A L U E   ATTRIBUTES

DELAY1S. . . . . .  C ADDR   0044H   A   
DL1_0. . . . . . .  C ADDR   0044H   A   
DL1_1. . . . . . .  C ADDR   0046H   A   
DL1_2. . . . . . .  C ADDR   0048H   A   
DL1_3. . . . . . .  C ADDR   004AH   A   
LOOP . . . . . . .  C ADDR   0036H   A   
MAIN . . . . . . .  C ADDR   0030H   A   
P2 . . . . . . . .  D ADDR   00A0H   A   
SP . . . . . . . .  D ADDR   0081H   A   


REGISTER BANK(S) USED: 0 


ASSEMBLY COMPLETE.  0 WARNING(S), 0 ERROR(S)
