A51 MACRO ASSEMBLER  EXPANDIO_SELF                                                        05/22/2020 09:43:21 PAGE     1


MACRO ASSEMBLER A51 V8.02
OBJECT MODULE PLACED IN expandIO_self.OBJ
ASSEMBLER INVOKED BY: D:\keil_v4\C51\BIN\A51.EXE expandIO_self.asm SET(SMALL) DEBUG EP

LOC  OBJ            LINE     SOURCE

                       1     
                       2     
                       3     
                       4     
                       5     
                       6     
                       7     
0000                   8     ORG 0000H
0000 0130              9     AJMP MAIN         
0030                  10     ORG 0030H
                      11     
0030                  12     MAIN:            
0030 758160           13             MOV SP,#60H      
0033 74FF             14             MOV A,#0FFH      
0035 90FE00           15             MOV DPTR,#0FE00H
0038 F0               16             MOVX @DPTR,A     
0039 90FD00           17             MOV DPTR,#0FD00H
003C F0               18             MOVX @DPTR,A    
003D                  19     STATUS1:                 
003D 74F3             20             MOV A,#0F3H
003F 90FE00           21             MOV DPTR,#0FE00H
0042 F0               22             MOVX @DPTR,A   
0043 740C             23             MOV A,#0CH
0045 90FD00           24             MOV DPTR,#0FD00H
0048 F0               25             MOVX @DPTR,A   
0049 12008A           26             LCALL DELAY10S
004C                  27     STATUS2:                         
004C 74C3             28             MOV A,#0C3H
004E 90FE00           29             MOV DPTR,#0FE00H
0051 F0               30             MOVX @DPTR,A     
0052 740F             31             MOV A,#0FH
0054 90FD00           32             MOV DPTR,#0FD00H
0057 F0               33             MOVX @DPTR,A     
0058 12007C           34             LCALL DELAY2S
005B                  35     STATUS3:                                 
005B 74FC             36             MOV A,#0FCH
005D 90FE00           37             MOV DPTR,#0FE00H
0060 F0               38             MOVX @DPTR,A      
0061 7403             39             MOV A,#03H
0063 90FD00           40             MOV DPTR,#0FD00H
0066 F0               41             MOVX @DPTR,A     
0067 12008A           42             LCALL DELAY10S
006A                  43     STATUS4:                                 
006A 743C             44             MOV A,#3CH
006C 90FE00           45             MOV DPTR,#0FE00H
006F F0               46             MOVX @DPTR,A     
0070 740F             47             MOV A,#0FH
0072 90FD00           48             MOV DPTR,#0FD00H
0075 F0               49             MOVX @DPTR,A    
0076 12007C           50             LCALL DELAY2S
0079 02003D           51             LJMP STATUS1             
                      52     
007C                  53     DELAY2S:                                 
007C 7F14             54             DL1_0:MOV R7,#20
007E 7EC8             55             DL1_1:MOV R6,#200
0080 7DF8             56             DL1_2:MOV R5,#248
0082 DDFE             57             DL1_3:DJNZ R5,DL1_3       
0084 00               58                     NOP
A51 MACRO ASSEMBLER  EXPANDIO_SELF                                                        05/22/2020 09:43:21 PAGE     2

0085 DEF9             59                     DJNZ R6,DL1_2     
0087 DFF5             60                     DJNZ R7,DL1_1     
0089 22               61             RET
                      62     
008A                  63     DELAY10S:                                
008A 7F64             64             DL0:MOV R7,#100
008C 7EC8             65             DL1:MOV R6,#200
008E 7DF8             66             DL2:MOV R5,#248
0090 DDFE             67             DL3:DJNZ R5,DL3   
0092 00               68                     NOP
0093 DEF9             69                     DJNZ R6,DL2       
0095 DFF5             70                     DJNZ R7,DL1       
0097 22               71             RET
                      72     END
                             
                             
                             
                                     
A51 MACRO ASSEMBLER  EXPANDIO_SELF                                                        05/22/2020 09:43:21 PAGE     3

SYMBOL TABLE LISTING
------ ----- -------


N A M E             T Y P E  V A L U E   ATTRIBUTES

DELAY10S . . . . .  C ADDR   008AH   A   
DELAY2S. . . . . .  C ADDR   007CH   A   
DL0. . . . . . . .  C ADDR   008AH   A   
DL1. . . . . . . .  C ADDR   008CH   A   
DL1_0. . . . . . .  C ADDR   007CH   A   
DL1_1. . . . . . .  C ADDR   007EH   A   
DL1_2. . . . . . .  C ADDR   0080H   A   
DL1_3. . . . . . .  C ADDR   0082H   A   
DL2. . . . . . . .  C ADDR   008EH   A   
DL3. . . . . . . .  C ADDR   0090H   A   
MAIN . . . . . . .  C ADDR   0030H   A   
SP . . . . . . . .  D ADDR   0081H   A   
STATUS1. . . . . .  C ADDR   003DH   A   
STATUS2. . . . . .  C ADDR   004CH   A   
STATUS3. . . . . .  C ADDR   005BH   A   
STATUS4. . . . . .  C ADDR   006AH   A   


REGISTER BANK(S) USED: 0 


ASSEMBLY COMPLETE.  0 WARNING(S), 0 ERROR(S)
