C51 COMPILER V9.01   MAIN                                                                  04/15/2020 15:04:51 PAGE 1   


C51 COMPILER V9.01, COMPILATION OF MODULE MAIN
OBJECT MODULE PLACED IN main.OBJ
COMPILER INVOKED BY: D:\keil_v4\C51\BIN\C51.EXE main.c DEBUG OBJECTEXTEND

line level    source

   1          #include<reg51.h>
   2          #include<stdio.h>
   3          #define uchar unsigned char
   4          #define uint unsigned int 
   5          
   6          uchar data a[32] _at_ 0x30;
   7          uint i _at_ 0x55;
   8                                                                  
   9          //延时子程序
  10          void DelayMS(uint ms){
  11   1              uchar t;
  12   1              while (ms--) for (t=0;t<120;t++);             
  13   1      }
  14          
  15          //主程序
  16          void main(){
  17   1              SP=0x60;
  18   1              SCON=0x52;
  19   1              TMOD=0x20;
  20   1              TH1=0xf3;
  21   1              TR1=1;
  22   1              for(i=0;i<32;i++){
  23   2                      a[i]=1;
  24   2                      printf("It is : %d now.\n",i);
  25   2                      DelayMS(20000);               
  26   2              }
  27   1              while(1);
  28   1      }
  29          
  30          


MODULE INFORMATION:   STATIC OVERLAYABLE
   CODE SIZE        =     89    ----
   CONSTANT SIZE    =     17    ----
   XDATA SIZE       =   ----    ----
   PDATA SIZE       =   ----    ----
   DATA SIZE        =   ----    ----
   IDATA SIZE       =   ----    ----
   BIT SIZE         =   ----    ----
END OF MODULE INFORMATION.


C51 COMPILATION COMPLETE.  0 WARNING(S),  0 ERROR(S)
