A51 MACRO ASSEMBLER  SIMLAB2                                                              05/01/2020 21:43:58 PAGE     1


MACRO ASSEMBLER A51 V8.02
OBJECT MODULE PLACED IN simlab2.OBJ
ASSEMBLER INVOKED BY: D:\keil_v4\C51\BIN\A51.EXE simlab2.asm SET(SMALL) DEBUG EP

LOC  OBJ            LINE     SOURCE

                       1     
0000                   2     ORG 0000H   
0000 0160              3     AJMP MAIN   
0060                   4     ORG 0060H   
                       5     
0060                   6     MAIN:                      
0060 7F20              7             MOV R7,#20H        
0062 7830              8             MOV R0,#30H        
0064 7400              9             MOV A,#0           
0066 90008F           10             MOV DPTR,#TABLE  
0069                  11      LOOP:
0069 93               12             MOVC A,@A+DPTR   
006A F6               13             MOV @R0,A   
006B 08               14             INC R0      
006C E4               15             CLR A       
006D A3               16             INC DPTR            
006E DFF9             17             DJNZ R7,LOOP  
                      18     
                      19     
0070 7830             20             MOV R0,#30H      
0072 7F1F             21             MOV R7,#31       
0074 791F             22             MOV R1,#31   
                      23             
0076                  24      LOOP1:
0076 7830             25             MOV R0,#30H      
0078 E9               26             MOV A,R1  
0079 FE               27             MOV R6,A   
                      28     
007A                  29      LOOP2:             
007A E6               30             MOV A,@R0   
007B F5F0             31             MOV B,A     
007D 08               32             INC R0      
007E E6               33             MOV A,@R0   
007F B5F000           34             CJNE A,B,L1       
0082 5004             35      L1:JNC UNEX  
0084 18               36             DEC R0  
0085 C6               37             XCH A,@R0  
0086 08               38             INC R0
0087 F6               39             MOV @R0,A  
0088                  40      UNEX:
0088 DEF0             41             DJNZ R6,LOOP2  
008A 19               42             DEC R1   
008B DFE9             43             DJNZ R7,LOOP1  
                      44     
008D 80FE             45             SJMP $  
                      46     
                      47     
008F                  48     TABLE:
008F 01030902         49             db 1,3,9,2,17,4,11,6
0093 11040B06                
0097 05146440         50             db 5,20,100,64,21,14,79,35
009B 150E4F23                
009F 5C075B17         51             db 92,7,91,23,65,16,13,18
00A3 41100D12                
00A7 12494165         52             db 18,73,65,101,27,19,62,69
00AB 1B133E45                
                      53     END     
A51 MACRO ASSEMBLER  SIMLAB2                                                              05/01/2020 21:43:58 PAGE     2

SYMBOL TABLE LISTING
------ ----- -------


N A M E             T Y P E  V A L U E   ATTRIBUTES

B. . . . . . . . .  D ADDR   00F0H   A   
L1 . . . . . . . .  C ADDR   0082H   A   
LOOP . . . . . . .  C ADDR   0069H   A   
LOOP1. . . . . . .  C ADDR   0076H   A   
LOOP2. . . . . . .  C ADDR   007AH   A   
MAIN . . . . . . .  C ADDR   0060H   A   
TABLE. . . . . . .  C ADDR   008FH   A   
UNEX . . . . . . .  C ADDR   0088H   A   


REGISTER BANK(S) USED: 0 


ASSEMBLY COMPLETE.  0 WARNING(S), 0 ERROR(S)
