A51 MACRO ASSEMBLER  SIMLAB2                                                              05/20/2020 21:13:36 PAGE     1


MACRO ASSEMBLER A51 V8.02
OBJECT MODULE PLACED IN simlab2.OBJ
ASSEMBLER INVOKED BY: D:\keil_v4\C51\BIN\A51.EXE simlab2.asm SET(SMALL) DEBUG EP

LOC  OBJ            LINE     SOURCE

                       1     
0000                   2     ORG 0000H   
0000 0150              3     AJMP MAIN   
0030                   4     ORG 0030H   
                       5     
                       6     
0030                   7     TABLE:
0030 01030902          8             db 1,3,9,2,17,4,11,6
0034 11040B06                
0038 05146440          9             db 5,20,100,64,21,14,79,35
003C 150E4F23                
0040 5C075B17         10             db 92,7,91,23,65,16,13,18
0044 41100D12                
0048 12494165         11             db 18,73,65,101,27,19,62,69
004C 1B133E45                
0050                  12     MAIN:                      
0050 7F20             13             MOV R7,#20H        
0052 7830             14             MOV R0,#30H        
0054 7400             15             MOV A,#0           
0056 900030           16             MOV DPTR,#TABLE  
0059                  17      LOOP:
0059 93               18             MOVC A,@A+DPTR   
005A F6               19             MOV @R0,A   
005B 08               20             INC R0      
005C E4               21             CLR A       
005D A3               22             INC DPTR            
005E DFF9             23             DJNZ R7,LOOP  
                      24     
                      25     
0060 7830             26             MOV R0,#30H      
0062 7F1F             27             MOV R7,#31       
0064 791F             28             MOV R1,#31   
                      29             
0066                  30      LOOP1:
0066 7830             31             MOV R0,#30H      
0068 E9               32             MOV A,R1  
0069 FE               33             MOV R6,A   
                      34     
006A                  35      LOOP2:             
006A E6               36             MOV A,@R0   
006B F5F0             37             MOV B,A     
006D 08               38             INC R0      
006E E6               39             MOV A,@R0   
006F B5F000           40             CJNE A,B,L1       
0072 5004             41      L1:JNC UNEX  
0074 18               42             DEC R0  
0075 C6               43             XCH A,@R0  
0076 08               44             INC R0
0077 F6               45             MOV @R0,A  
0078                  46      UNEX:
0078 DEF0             47             DJNZ R6,LOOP2  
007A 19               48             DEC R1   
007B DFE9             49             DJNZ R7,LOOP1  
                      50     
007D 80FE             51             SJMP $  
                      52     END     
A51 MACRO ASSEMBLER  SIMLAB2                                                              05/20/2020 21:13:36 PAGE     2

SYMBOL TABLE LISTING
------ ----- -------


N A M E             T Y P E  V A L U E   ATTRIBUTES

B. . . . . . . . .  D ADDR   00F0H   A   
L1 . . . . . . . .  C ADDR   0072H   A   
LOOP . . . . . . .  C ADDR   0059H   A   
LOOP1. . . . . . .  C ADDR   0066H   A   
LOOP2. . . . . . .  C ADDR   006AH   A   
MAIN . . . . . . .  C ADDR   0050H   A   
TABLE. . . . . . .  C ADDR   0030H   A   
UNEX . . . . . . .  C ADDR   0078H   A   


REGISTER BANK(S) USED: 0 


ASSEMBLY COMPLETE.  0 WARNING(S), 0 ERROR(S)
