A51 MACRO ASSEMBLER  STATICLED                                                            05/13/2020 15:24:43 PAGE     1


MACRO ASSEMBLER A51 V8.02
OBJECT MODULE PLACED IN staticLED.OBJ
ASSEMBLER INVOKED BY: D:\keil_v4\C51\BIN\A51.EXE staticLED.asm SET(SMALL) DEBUG EP

LOC  OBJ            LINE     SOURCE

                       1     
                       2     
0000                   3     ORG 0000H
0000 0130              4     AJMP MAIN   
0030                   5     ORG 0030H
                       6     
0030                   7     MAIN:
0030 758160            8             MOV SP,#60H       
0033 C2D5              9             CLR F0     
0035 D292             10             SETB P1.2   
0037 12009C           11             LCALL DISCLR   
003A                  12     LOOP:
003A D291             13             SETB P1.1         
003C 20910A           14             JB P1.1,GOON    
003F                  15     WAITO:                   
003F D291             16             SETB P1.1        
0041 3091FB           17             JNB P1.1,WAITO   
0044 12009C           18             LCALL DISCLR    
0047 C2D5             19             CLR F0    
0049                  20     GOON:
0049 D290             21             SETB P1.0        
004B 209007           22             JB P1.0,NEXT1    
004E                  23     WAIT1:                           
004E D290             24             SETB P1.0           
0050 3090FB           25             JNB P1.0,WAIT1   
0053 B2D5             26             CPL F0            
0055                  27     NEXT1:
0055 30D50D           28             JNB F0,NEXT        
0058 C292             29             CLR P1.2           
005A 1200C0           30             LCALL DISPLAY     
005D 120069           31             LCALL DELAY10ms   
0060 120073           32             LCALL ADJUST      
0063 80D5             33             SJMP LOOP                 
0065                  34     NEXT:
0065 D292             35             SETB P1.2                 
0067 80D1             36             SJMP LOOP                 
                      37     
0069                  38     DELAY10ms:               
0069 7A64             39             DL0:MOV R2,#100
006B 7930             40             DL1:MOV R1,#48
006D D9FE             41             DL2:DJNZ R1,DL2    
006F 00               42                     NOP
0070 DAF9             43                     DJNZ R2,DL1        
0072 22               44                     RET                        
                      45     
0073                  46     ADJUST:                     
0073 0530             47             INC 30H             
0075 E530             48             MOV A,30H           
0077 B40A21           49             CJNE A,#10,GOTORET       
007A 753000           50             MOV 30H,#0          
007D 0531             51             INC 31H             
007F E531             52             MOV A,31H           
0081 B40A17           53             CJNE A,#10,GOTORET  
0084 753100           54             MOV 31H,#0          
0087 0532             55             INC 32H             
0089 E532             56             MOV A,32H           
008B B40A0D           57             CJNE A,#10,GOTORET       
008E 753200           58             MOV 32H,#0          
A51 MACRO ASSEMBLER  STATICLED                                                            05/13/2020 15:24:43 PAGE     2

0091 0533             59             INC 33H            
0093 E533             60             MOV A,33H          
0095 B40A03           61             CJNE A,#10,GOTORET       
0098 753300           62             MOV 33H,#0         
009B 22               63     GOTORET:RET               
                      64     
009C                  65     DISCLR:                  
009C 753000           66             MOV 30H,#0        
009F 753100           67             MOV 31H,#0
00A2 753200           68             MOV 32H,#0
00A5 753300           69             MOV 33H,#0
00A8 E4               70             CLR A      
00A9 9000E9           71             MOV DPTR,#TABLE   
00AC 93               72             MOVC A,@A+DPTR     
00AD 90FE00           73             MOV DPTR,#D10msADD        
00B0 F0               74             MOVX @DPTR,A              
00B1 90FD00           75             MOV DPTR,#D100msADD       
00B4 F0               76             MOVX @DPTR,A              
00B5 90FB00           77             MOV DPTR,#D1sADD          
00B8 F0               78             MOVX @DPTR,A              
00B9 90F700           79             MOV DPTR,#D10sADD         
00BC F0               80             MOVX @DPTR,A
00BD D292             81             SETB P1.2   
00BF 22               82             RET                 
                      83     
00C0                  84     DISPLAY:            
00C0 E530             85             MOV A,30H                
00C2 9000E9           86             MOV DPTR,#TABLE
00C5 93               87             MOVC A,@A+DPTR   
00C6 90FE00           88             MOV DPTR,#D10msADD  
00C9 F0               89             MOVX @DPTR,A     
00CA E531             90             MOV A,31H                
00CC 9000E9           91             MOV DPTR,#TABLE
00CF 93               92             MOVC A,@A+DPTR   
00D0 90FD00           93             MOV DPTR,#D100msADD       
00D3 F0               94             MOVX @DPTR,A     
00D4 E532             95             MOV A,32H                
00D6 9000E9           96             MOV DPTR,#TABLE
00D9 93               97             MOVC A,@A+DPTR   
00DA 90FB00           98             MOV DPTR,#D1sADD  
00DD F0               99             MOVX @DPTR,A     
00DE E533            100             MOV A,33H                
00E0 9000E9          101             MOV DPTR,#TABLE
00E3 93              102             MOVC A,@A+DPTR   
00E4 90F700          103             MOV DPTR,#D10sADD  
00E7 F0              104             MOVX @DPTR,A      
00E8 22              105             RET                              
                     106     
00E9                 107     TABLE:
00E9 C0F9A4B0        108             DB 0C0H,0F9H,0A4H,0B0H,99H,92H,82H,0F8H,80H,90H  
00ED 999282F8                
00F1 8090                    
  FE00               109             D10msADD EQU 0FE00H        
  FD00               110             D100msADD EQU 0FD00H   
  FB00               111             D1sADD EQU 0FB00H          
  F700               112             D10sADD EQU 0F700H         
                     113     END
                             
A51 MACRO ASSEMBLER  STATICLED                                                            05/13/2020 15:24:43 PAGE     3

SYMBOL TABLE LISTING
------ ----- -------


N A M E             T Y P E  V A L U E   ATTRIBUTES

ADJUST . . . . . .  C ADDR   0073H   A   
D100MSADD. . . . .  N NUMB   FD00H   A   
D10MSADD . . . . .  N NUMB   FE00H   A   
D10SADD. . . . . .  N NUMB   F700H   A   
D1SADD . . . . . .  N NUMB   FB00H   A   
DELAY10MS. . . . .  C ADDR   0069H   A   
DISCLR . . . . . .  C ADDR   009CH   A   
DISPLAY. . . . . .  C ADDR   00C0H   A   
DL0. . . . . . . .  C ADDR   0069H   A   
DL1. . . . . . . .  C ADDR   006BH   A   
DL2. . . . . . . .  C ADDR   006DH   A   
F0 . . . . . . . .  B ADDR   00D0H.5 A   
GOON . . . . . . .  C ADDR   0049H   A   
GOTORET. . . . . .  C ADDR   009BH   A   
LOOP . . . . . . .  C ADDR   003AH   A   
MAIN . . . . . . .  C ADDR   0030H   A   
NEXT . . . . . . .  C ADDR   0065H   A   
NEXT1. . . . . . .  C ADDR   0055H   A   
P1 . . . . . . . .  D ADDR   0090H   A   
SP . . . . . . . .  D ADDR   0081H   A   
TABLE. . . . . . .  C ADDR   00E9H   A   
WAIT1. . . . . . .  C ADDR   004EH   A   
WAITO. . . . . . .  C ADDR   003FH   A   


REGISTER BANK(S) USED: 0 


ASSEMBLY COMPLETE.  0 WARNING(S), 0 ERROR(S)
