BL51 BANKED LINKER/LOCATER V6.22                                                        05/03/2020  17:45:16  PAGE 1


BL51 BANKED LINKER/LOCATER V6.22, INVOKED BY:
D:\KEIL_V4\C51\BIN\BL51.EXE .\Test1.obj TO test2


INPUT MODULES INCLUDED:
  .\Test1.obj (TEST1)


LINK MAP OF MODULE:  test2 (TEST1)


            TYPE    BASE      LENGTH    RELOCATION   SEGMENT NAME
            -----------------------------------------------------

            * * * * * * *   D A T A   M E M O R Y   * * * * * * *
            REG     0000H     0008H     ABSOLUTE     "REG BANK 0"

            * * * * * * *   C O D E   M E M O R Y   * * * * * * *
            CODE    0000H     0074H     ABSOLUTE     



SYMBOL TABLE OF MODULE:  test2 (TEST1)

  VALUE           TYPE          NAME
  ----------------------------------

  -------         MODULE        TEST1
  C:005BH         SYMBOL        D10MS
  C:005DH         SYMBOL        DE1
  C:005FH         SYMBOL        DE2
  C:003EH         SYMBOL        LOOP1
  C:0048H         SYMBOL        LOOP2
  D:0080H         SYMBOL        P0
  D:0090H         SYMBOL        P1
  D:0081H         SYMBOL        SP
  C:0030H         SYMBOL        START
  C:0064H         SYMBOL        TABLE
  C:0000H         LINE#         2
  C:0030H         LINE#         6
  C:0033H         LINE#         7
  C:0036H         LINE#         8
  C:0039H         LINE#         9
  C:003BH         LINE#         10
  C:003EH         LINE#         13
  C:0040H         LINE#         14
  C:0042H         LINE#         15
  C:0044H         LINE#         16
  C:0046H         LINE#         17
  C:0048H         LINE#         19
  C:004AH         LINE#         20
  C:004CH         LINE#         21
  C:004EH         LINE#         22
  C:0050H         LINE#         23
  C:0052H         LINE#         24
  C:0053H         LINE#         25
  C:0055H         LINE#         26
  C:0056H         LINE#         27
BL51 BANKED LINKER/LOCATER V6.22                                                      05/03/2020  17:45:16  PAGE 2


  C:0058H         LINE#         28
  C:0059H         LINE#         29
  C:005BH         LINE#         32
  C:005DH         LINE#         33
  C:005FH         LINE#         34
  C:0061H         LINE#         35
  C:0063H         LINE#         36
  -------         ENDMOD        TEST1

Program Size: data=8.0 xdata=0 code=116
LINK/LOCATE RUN COMPLETE.  0 WARNING(S),  0 ERROR(S)
